2026-05-04 10:25:05.219 | INFO     | __main__:load_campaign:313 - Lendo relat├│rio consolidado
2026-05-04 10:25:05.798 | INFO     | __main__:load_campaign:322 - Coluna do dia identificada
2026-05-04 10:25:05.801 | INFO     | __main__:load_campaign:329 - Alunos faltosos identificados
2026-05-04 10:25:10.664 | INFO     | __main__:_create_campaign:177 - dry_run: campanha N├âO criada no banco

============================================================
  Campanha: Busca Ativa ÔÇö Faltas dia 04/05/2026
  Mode: ­ƒº¬ DRY RUN (sem grava├º├úo)
  Total de faltosos: 21
============================================================

[1/21] LUCAS SALVADOR SANTANA RIBEIRO | RA: 000121119695-1/SP | Turma: 6 ANO 6A INTEGRAL 9H ANUAL
2026-05-04 10:25:18.494 | INFO     | __main__:_enqueue_message:234 - dry_run: mensagem N├âO enfileirada
  Ô£à Enfileirado | Respons├ível: mae | Ô£à JID OK
[2/21] OLGA VALENTINA FERREIRA DOS SANTOS LIMA | RA: 000114721679-4/SP | Turma: 6 ANO 6A INTEGRAL 9H ANUAL
2026-05-04 10:25:25.059 | INFO     | __main__:_enqueue_message:234 - dry_run: mensagem N├âO enfileirada
  Ô£à Enfileirado | Respons├ível: m├úe | Ô£à JID OK
[3/21] RAYSSA VITORIA DA SILVA RUBIN | RA: 000116706874-9 /SP | Turma: 6 ANO 6A INTEGRAL 9H ANUAL
2026-05-04 10:25:28.529 | INFO     | __main__:_enqueue_message:234 - dry_run: mensagem N├âO enfileirada
  Ô£à Enfileirado | Respons├ível: m├úe | Ô£à JID OK
[4/21] DAVI SCHEIBE CORREIA | RA: 000120099515-6/SP | Turma: 6 ANO 6B INTEGRAL 9H ANUAL
2026-05-04 10:25:35.029 | INFO     | __main__:_enqueue_message:234 - dry_run: mensagem N├âO enfileirada
  Ô£à Enfileirado | Respons├ível: m├úe | Ô£à JID OK
[5/21] LIVIA VIEIRA OLIVEIRA | RA: 000115963691-6 /SP | Turma: 6 ANO 6B INTEGRAL 9H ANUAL
2026-05-04 10:25:43.989 | INFO     | __main__:_enqueue_message:234 - dry_run: mensagem N├âO enfileirada
  Ô£à Enfileirado | Respons├ível: tia | Ô£à JID OK
[6/21] ISADORA MEIRA DA COSTA SILVA | RA: 000113794622-2 /SP | Turma: 7 ANO 7A INTEGRAL 9H ANUAL
2026-05-04 10:25:49.307 | INFO     | __main__:_enqueue_message:234 - dry_run: mensagem N├âO enfileirada
  Ô£à Enfileirado | Respons├ível: m├úe | Ô£à JID OK
[7/21] LIVIA MARTINS CRUZ | RA: 000114982434-7 /SP | Turma: 7 ANO 7A INTEGRAL 9H ANUAL
2026-05-04 10:25:55.125 | INFO     | __main__:_enqueue_message:234 - dry_run: mensagem N├âO enfileirada
  Ô£à Enfileirado | Respons├ível: m├úe | Ô£à JID OK
[8/21] LORENA FERNANDA DE DEUS SILVA | RA: 000115307408-4 /SP | Turma: 7 ANO 7A INTEGRAL 9H ANUAL
2026-05-04 10:26:00.273 | INFO     | __main__:_enqueue_message:234 - dry_run: mensagem N├âO enfileirada
  Ô£à Enfileirado | Respons├ível: m├úe | Ô£à JID OK
[9/21] ISABELLY FERREIRA BARBOSA | RA: 000115013005-2 /SP | Turma: 7 ANO 7B INTEGRAL 9H ANUAL
2026-05-04 10:26:09.576 | INFO     | __main__:_enqueue_message:234 - dry_run: mensagem N├âO enfileirada
  Ô£à Enfileirado | Respons├ível: pai | Ô£à JID OK
[10/21] L├ìVIA RODRIGUES LANZA NOGUEIRA | RA: 000116639570-4 /SP | Turma: 7 ANO 7B INTEGRAL 9H ANUAL
2026-05-04 10:26:33.272 | INFO     | __main__:_enqueue_message:234 - dry_run: mensagem N├âO enfileirada
  Ô£à Enfileirado | Respons├ível: m├úe | Ô£à JID OK
[11/21] RUAN MIGUEL OLIVEIRA DE CARVALHO | RA: 000114492629-4/SP | Turma: 7 ANO 7B INTEGRAL 9H ANUAL
2026-05-04 10:26:51.754 | INFO     | __main__:_enqueue_message:234 - dry_run: mensagem N├âO enfileirada
  Ô£à Enfileirado | Respons├ível: m├úe | Ô£à JID OK
[12/21] ANA JULYA BARBOSA DE OLIVEIRA | RA: 000116271286-7 /SP | Turma: 8 ANO 8A INTEGRAL 9H ANUAL
2026-05-04 10:26:54.321 | INFO     | __main__:_enqueue_message:234 - dry_run: mensagem N├âO enfileirada
  Ô£à Enfileirado | Respons├ível: m├úe | Ô£à JID OK
[13/21] ISABELLA MANGANOTTI DOS SANTOS | RA: 000114481423-6 /SP | Turma: 8 ANO 8A INTEGRAL 9H ANUAL
2026-05-04 10:26:56.974 | INFO     | __main__:_enqueue_message:234 - dry_run: mensagem N├âO enfileirada
  Ô£à Enfileirado | Respons├ível: m├úe | Ô£à JID OK
[14/21] JULIA COELHO DE SOUZA | RA: 000112374047-1 /SP | Turma: 8 ANO 8A INTEGRAL 9H ANUAL
2026-05-04 10:27:02.284 | INFO     | __main__:_enqueue_message:234 - dry_run: mensagem N├âO enfileirada
  Ô£à Enfileirado | Respons├ível: av├│ | Ô£à JID OK
[15/21] LUIZ ANTONIO NOBREGA NETO | RA: 000116100257-1 /SP | Turma: 8 ANO 8A INTEGRAL 9H ANUAL
2026-05-04 10:27:04.466 | INFO     | __main__:_enqueue_message:234 - dry_run: mensagem N├âO enfileirada
  Ô£à Enfileirado | Respons├ível: m├úe | Ô£à JID OK
[16/21] ADRIAN ESCOBAR RODRIGUES LEITE | RA: 000113931591-2 /SP | Turma: 8 ANO 8B INTEGRAL 9H ANUAL
2026-05-04 10:27:07.131 | INFO     | __main__:_enqueue_message:234 - dry_run: mensagem N├âO enfileirada
  Ô£à Enfileirado | Respons├ível: Luis | Ô£à JID OK
[17/21] CECILIA MARTINS CRUZ | RA: 000114982423-2 /SP | Turma: 8 ANO 8B INTEGRAL 9H ANUAL
2026-05-04 10:27:09.727 | INFO     | __main__:_enqueue_message:234 - dry_run: mensagem N├âO enfileirada
  Ô£à Enfileirado | Respons├ível: m├úe | Ô£à JID OK
[18/21] PIETRA SOFIE PEREIRA DA CRUZ | RA: 000114653089-4 /SP | Turma: 8 ANO 8B INTEGRAL 9H ANUAL
2026-05-04 10:27:14.430 | INFO     | __main__:_enqueue_message:234 - dry_run: mensagem N├âO enfileirada
  Ô£à Enfileirado | Respons├ível: M├âE | Ô£à JID OK
[19/21] RAFAEL HENRIQUE CORREA | RA: 000112786408-7/SP | Turma: 8 ANO 8B INTEGRAL 9H ANUAL
2026-05-04 10:27:17.058 | INFO     | __main__:_enqueue_message:234 - dry_run: mensagem N├âO enfileirada
  Ô£à Enfileirado | Respons├ível: AV├ô | Ô£à JID OK
[20/21] DIOGO COSSO SILVA | RA: 000113063894-7 /SP | Turma: 9 ANO 9A INTEGRAL 9H ANUAL
2026-05-04 10:27:22.995 | INFO     | __main__:_enqueue_message:234 - dry_run: mensagem N├âO enfileirada
  Ô£à Enfileirado | Respons├ível: m├úe | Ô£à JID OK
[21/21] EFRAIM WESLEY SILVA SOARES | RA: 000116297202-6 /SP | Turma: 9 ANO 9A INTEGRAL 9H ANUAL
2026-05-04 10:27:29.685 | INFO     | __main__:_enqueue_message:234 - dry_run: mensagem N├âO enfileirada
  Ô£à Enfileirado | Respons├ível: PAI | Ô£à JID OK

============================================================
  SUM├üRIO DA CARGA
============================================================
  Campanha ID   : 899faacc-f238-3477-bf91-d8b14e3d9702
  Faltosos      : 21
  Ô£à Enfileirados: 21
  ÔÜá´©Å  Sem UUID   : 0
  ÔÜá´©Å  Sem Resp.  : 0

  ­ƒº¬ DRY RUN: Nenhum dado foi gravado no banco.
============================================================

2026-05-04 10:27:29.685 | INFO     | __main__:load_campaign:424 - Carga de campanha conclu├¡da
